------------------------------------------------------------
          Invoking FHI-aims ...

          When using FHI-aims, please cite the following reference:

            Volker Blum, Ralf Gehrke, Felix Hanke, Paula Havu,
            Ville Havu, Xinguo Ren, Karsten Reuter, and Matthias Scheffler,
            'Ab Initio Molecular Simulations with Numeric Atom-Centered Orbitals',
            Computer Physics Communications 180, 2175-2196 (2009)

          In addition, many other developments in FHI-aims are likely important for
          your particular application. If so, please cite them. A partial list of references
          is written at the end of this file. Thank you for giving credit to the authors
          of these developments.

          For general information about FHI-aims please find us at

            https://fhi-aims.org

          Online tutorials can be found at

            https://fhi-aims-club.gitlab.io/tutorials/tutorials-overview/

          For any questions about FHI-aims, please visit our slack channel at

            https://fhi-aims.slack.com

          and our main development and support site at

            https://aims-git.rz-berlin.mpg.de .

          The latter site, in particular, has a wiki to collect information, as well
          as an issue tracker to log discussions, suggest improvements, and report issues
          or bugs. https://aims-git.rz-berlin.mpg.de is also the main development site
          of the project and all new and updated code versions can be obtained there.
          Please send an email to aims-coordinators@fhi-berlin.mpg.de and we will add
          you to these sites. They are for you and everyone is welcome there.

------------------------------------------------------------



  Date     :  20240117, Time     :  161448.921
  Time zero on CPU 1             :   0.366310600000000E+01  s.
  Internal wall clock time zero  :           474740088.921  s.

  FHI-aims created a unique identifier for this run for later identification
  aims_uuid : 3897CC7F-7661-4808-A16B-9E0ED36A6D60

  Build configuration of the current instance of FHI-aims
  -------------------------------------------------------
  FHI-aims version      : 231130
  Commit number         : a15a0c45c
  CMake host system     : Linux-6.2.15-100.fc36.x86_64
  CMake version         : 3.26.3
  Fortran compiler      : /opt/intel/oneapi/mpi/2021.6.0/bin/mpiifort (Intel) version 2021.6.0.20220226
  Fortran compiler flags: -O2 -fallow-argument-mismatch -ffree-line-length-none
  C compiler            : /opt/intel/oneapi/compiler/2022.1.0/linux/bin/intel64/icc (Intel) version 2021.6.0.20220226
  C compiler flags      : -O3 -ip -fp-model precise -fPIC -std=gnu99
  C++ compiler          : /opt/intel/oneapi/compiler/2022.1.0/linux/bin/intel64/icpc (Intel) version 2021.6.0.20220226
  C++ compiler flags    : -O3 -ip -fp-model precise
  HIP compiler          :
  HIP compiler flags    :
  HIP GPU arch          :
  Using MPI
  Using ScaLAPACK
  Using LibXC
  Using i-PI
  Using RLSY
  Linking against: /opt/intel/oneapi/mkl/2022.1.0/lib/intel64/libmkl_intel_lp64.so
                   /opt/intel/oneapi/mkl/2022.1.0/lib/intel64/libmkl_sequential.so
                   /opt/intel/oneapi/mkl/2022.1.0/lib/intel64/libmkl_core.so
                   /opt/intel/oneapi/mkl/2022.1.0/lib/intel64/libmkl_blacs_intelmpi_lp64.so
                   /opt/intel/oneapi/mkl/2022.1.0/lib/intel64/libmkl_scalapack_lp64.so

  Using        1 parallel tasks.
  Task        0 on host localhost.localdomain reporting.

  Memory overcommitment is allowed on your operating system.

  Obtaining array dimensions for all initial allocations:
  
  -----------------------------------------------------------------------
  Parsing control.in (first pass over file, find array dimensions only).
  The contents of control.in will be repeated verbatim below
  unless switched off by setting 'verbatim_writeout .false.' .
  in the first line of control.in .
  -----------------------------------------------------------------------
  
  #===============================================================================
  # FHI-aims file: ./control.in
  # Created using the Atomic Simulation Environment (ASE)
  # Wed Jan 17 16:14:48 2024
  #===============================================================================
  xc                                 pbe
  occupation_type                    gaussian 0.01
  mixer                              pulay
  n_max_pulay                        10
  charge_mix_param                   0.5
  sc_accuracy_rho                    1e-05
  sc_accuracy_eev                    0.001
  sc_accuracy_etot                   1e-06
  sc_accuracy_forces                 0.0001
  sc_iter_limit                      100
  output_level                       MD_light
  compute_forces                     .true.
  postprocess_anyway                 True
  density_update_method              density_matrix
  #===============================================================================
  
  ################################################################################
  #
  #  FHI-aims code project
  #  VB, Fritz-Haber Institut, 2009
  #
  #  Suggested "light" defaults for O atom (to be pasted into control.in file)
  #  Be sure to double-check any results obtained with these settings for post-processing,
  #  e.g., with the "tight" defaults and larger basis sets.
  #
  ################################################################################
    species        O
  #     global species definitions
      nucleus             8
      mass                15.9994
  #
      l_hartree           4
  #
      cut_pot             3.5  1.5  1.0
      basis_dep_cutoff    1e-4
  #
      radial_base         36 5.0
      radial_multiplier   1
       angular_grids specified
        division   0.2659   50
        division   0.4451  110
        division   0.6052  194
        division   0.7543  302
  #      division   0.8014  434
  #      division   0.8507  590
  #      division   0.8762  770
  #      division   0.9023  974
  #      division   1.2339 1202
  #      outer_grid 974
        outer_grid 302
  ################################################################################
  #
  #  Definition of "minimal" basis
  #
  ################################################################################
  #     valence basis states
      valence      2  s   2.
      valence      2  p   4.
  #     ion occupancy
      ion_occ      2  s   1.
      ion_occ      2  p   3.
  ################################################################################
  #
  #  Suggested additional basis functions. For production calculations,
  #  uncomment them one after another (the most important basis functions are
  #  listed first).
  #
  #  Constructed for dimers: 1.0 A, 1.208 A, 1.5 A, 2.0 A, 3.0 A
  #
  ################################################################################
  #  "First tier" - improvements: -699.05 meV to -159.38 meV
       hydro 2 p 1.8
       hydro 3 d 7.6
       hydro 3 s 6.4
  #  "Second tier" - improvements: -49.91 meV to -5.39 meV
  #     hydro 4 f 11.6
  #     hydro 3 p 6.2
  #     hydro 3 d 5.6
  #     hydro 5 g 17.6
  #     hydro 1 s 0.75
  #  "Third tier" - improvements: -2.83 meV to -0.50 meV
  #     ionic 2 p auto
  #     hydro 4 f 10.8
  #     hydro 4 d 4.7
  #     hydro 2 s 6.8
  #  "Fourth tier" - improvements: -0.40 meV to -0.12 meV
  #     hydro 3 p 5
  #     hydro 3 s 3.3
  #     hydro 5 g 15.6
  #     hydro 4 f 17.6
  #     hydro 4 d 14
  # Further basis functions - -0.08 meV and below
  #     hydro 3 s 2.1
  #     hydro 4 d 11.6
  #     hydro 3 p 16
  #     hydro 2 s 17.2
  ################################################################################
  #
  #  FHI-aims code project
  #  VB, Fritz-Haber Institut, 2009
  #
  #  Suggested "light" defaults for H atom (to be pasted into control.in file)
  #  Be sure to double-check any results obtained with these settings for post-processing,
  #  e.g., with the "tight" defaults and larger basis sets.
  #
  ################################################################################
    species        H
  #     global species definitions
      nucleus             1
      mass                1.00794
  #
      l_hartree           4
  #
      cut_pot             3.5  1.5  1.0
      basis_dep_cutoff    1e-4
  #
      radial_base         24 5.0
      radial_multiplier   1
      angular_grids       specified
        division   0.2421   50
        division   0.3822  110
        division   0.4799  194
        division   0.5341  302
  #      division   0.5626  434
  #      division   0.5922  590
  #      division   0.6542  770
  #      division   0.6868 1202
  #      outer_grid  770
        outer_grid  302
  ################################################################################
  #
  #  Definition of "minimal" basis
  #
  ################################################################################
  #     valence basis states
      valence      1  s   1.
  #     ion occupancy
      ion_occ      1  s   0.5
  ################################################################################
  #
  #  Suggested additional basis functions. For production calculations,
  #  uncomment them one after another (the most important basis functions are
  #  listed first).
  #
  #  Basis constructed for dimers: 0.5 A, 0.7 A, 1.0 A, 1.5 A, 2.5 A
  #
  ################################################################################
  #  "First tier" - improvements: -1014.90 meV to -62.69 meV
       hydro 2 s 2.1
       hydro 2 p 3.5
  #  "Second tier" - improvements: -12.89 meV to -1.83 meV
  #     hydro 1 s 0.85
  #     hydro 2 p 3.7
  #     hydro 2 s 1.2
  #     hydro 3 d 7
  #  "Third tier" - improvements: -0.25 meV to -0.12 meV
  #     hydro 4 f 11.2
  #     hydro 3 p 4.8
  #     hydro 4 d 9
  #     hydro 3 s 3.2
  
  -----------------------------------------------------------------------
  Completed first pass over input file control.in .
  -----------------------------------------------------------------------
  
  
  -----------------------------------------------------------------------
  Parsing geometry.in (first pass over file, find array dimensions only).
  The contents of geometry.in will be repeated verbatim below
  unless switched off by setting 'verbatim_writeout .false.' .
  in the first line of geometry.in .
  -----------------------------------------------------------------------
  
  #=======================================================
  # FHI-aims file: ./geometry.in
  # Created using the Atomic Simulation Environment (ASE)
  # Wed Jan 17 16:14:48 2024
  #=======================================================
  atom 0.0000000000000000 0.0000000000000000 0.0000000000000000 O
  atom 0.7070000000000000 -0.7070000000000000 0.0000000000000000 H
  atom -0.7070000000000000 -0.7070000000000000 0.0000000000000000 H
  
  -----------------------------------------------------------------------
  Completed first pass over input file geometry.in .
  -----------------------------------------------------------------------
  

  Basic array size parameters:
  | Number of species                 :        2
  | Number of atoms                   :        3
  | Max. basis fn. angular momentum   :        2
  | Max. atomic/ionic basis occupied n:        2
  | Max. number of basis fn. types    :        2
  | Max. radial fns per species/type  :        3
  | Max. logarithmic grid size        :     1301
  | Max. radial integration grid size :       36
  | Max. angular integration grid size:      302
  | Max. angular grid division number :        8
  | Radial grid for Hartree potential :     1301
  | Number of spin channels           :        1

------------------------------------------------------------
          Reading file control.in.
------------------------------------------------------------
  XC: Using PBE gradient-corrected functionals.
  Occupation type: Gaussian broadening, width =   0.100000E-01 eV.
  Using pulay charge density mixing.
  Pulay mixing - number of memorized iterations:   10
  Charge density mixing - mixing parameter:     0.5000
  Convergence accuracy of self-consistent charge density:  0.1000E-04
  Convergence accuracy of sum of eigenvalues:  0.1000E-02
  Convergence accuracy of total energy:  0.1000E-05
  Convergence accuracy of forces:  0.1000E-03
  Maximum number of s.-c. iterations  :   100
  Requested output level: MD_light
  Forces will be computed.
  Postprocessing will be performed even if SCF does not converge.
 
  Reading configuration options for species O                   .
  | Found nuclear charge :   8.0000
  | Found atomic mass :    15.9994000000000      amu
  | Found l_max for Hartree potential  :   4
  | Found cutoff potl. onset [A], width [A], scale factor :    3.50000    1.50000    1.00000
  | Threshold for basis-dependent cutoff potential is   0.100000E-03
  | Found data for basic radial integration grid :    36 points, outermost radius =    5.000 A
  | Found multiplier for basic radial grid :   1
  | Found angular grid specification: user-specified.
  | Specified grid contains     5 separate shells.
  | Check grid settings after all constraints further below.
  | Found free-atom valence shell :  2 s   2.000
  | Found free-atom valence shell :  2 p   4.000
  | No ionic wave fns used. Skipping ion_occ.
  | No ionic wave fns used. Skipping ion_occ.
  | Found hydrogenic basis function :  2 p   1.800
  | Found hydrogenic basis function :  3 d   7.600
  | Found hydrogenic basis function :  3 s   6.400
 | Encountered keyword species, ending the description of species O                   .
  Species O                   : Missing cutoff potential type.
  Defaulting to exp(1/x)/(1-x)^2 type cutoff potential.
  Species O : No 'logarithmic' tag. Using default grid for free atom:
  | Default logarithmic grid data [bohr] : 0.1000E-03 0.1000E+03 0.1012E+01
  Species O : On-site basis accuracy parameter (for Gram-Schmidt orthonormalisation) not specified.
  Using default value basis_acc =  0.1000000E-03.
  Species O                   : Using default innermost maximum threshold i_radial=  2 for radial functions.
  Species O                   : Default cutoff onset for free atom density etc. : 0.35000000E+01 AA.
  Species O                   : Basic radial grid will be enhanced according to radial_multiplier =   1, to contain    36 grid points.
 
  Reading configuration options for species H                   .
  | Found nuclear charge :   1.0000
  | Found atomic mass :    1.00794000000000      amu
  | Found l_max for Hartree potential  :   4
  | Found cutoff potl. onset [A], width [A], scale factor :    3.50000    1.50000    1.00000
  | Threshold for basis-dependent cutoff potential is   0.100000E-03
  | Found data for basic radial integration grid :    24 points, outermost radius =    5.000 A
  | Found multiplier for basic radial grid :   1
  | Found angular grid specification: user-specified.
  | Specified grid contains     5 separate shells.
  | Check grid settings after all constraints further below.
  | Found free-atom valence shell :  1 s   1.000
  | No ionic wave fns used. Skipping ion_occ.
  | Found hydrogenic basis function :  2 s   2.100
  | Found hydrogenic basis function :  2 p   3.500
  Species H                   : Missing cutoff potential type.
  Defaulting to exp(1/x)/(1-x)^2 type cutoff potential.
  Species H : No 'logarithmic' tag. Using default grid for free atom:
  | Default logarithmic grid data [bohr] : 0.1000E-03 0.1000E+03 0.1012E+01
  Species H : On-site basis accuracy parameter (for Gram-Schmidt orthonormalisation) not specified.
  Using default value basis_acc =  0.1000000E-03.
  Species H                   : Using default innermost maximum threshold i_radial=  2 for radial functions.
  Species H                   : Default cutoff onset for free atom density etc. : 0.35000000E+01 AA.
  Species H                   : Basic radial grid will be enhanced according to radial_multiplier =   1, to contain    24 grid points.
 
  Finished reading input file 'control.in'.
 
------------------------------------------------------------


------------------------------------------------------------
          Reading geometry description geometry.in.
------------------------------------------------------------
  | The smallest distance between any two atoms is         0.99984899 AA.
  | The first atom of this pair is atom number                      1 .
  | The second atom of this pair is atom number                     2 .
  Input structure read successfully.
  The structure contains        3 atoms,  and a total of         10.000 electrons.

  Input geometry:
  | No unit cell requested.
  | Atomic structure:
  |       Atom                x [A]            y [A]            z [A]
  |    1: Species O             0.00000000        0.00000000        0.00000000
  |    2: Species H             0.70700000       -0.70700000        0.00000000
  |    3: Species H            -0.70700000       -0.70700000        0.00000000

  Slab Identifier: This is not a periodic structure.
 
  Finished reading input file 'geometry.in'.
 

 
  Consistency checks for stacksize environment parameter are next.
 
  | Maximum stacksize for task 0: unlimited
  | Current stacksize for task 0: unlimited
 
  Consistency checks for the contents of control.in are next.
 
  MPI_IN_PLACE appears to work with this MPI implementation.
  | Keeping use_mpi_in_place .true. (see manual).
  Target number of points in a grid batch is not set. Defaulting to  100
  Method for grid partitioning is not set. Defaulting to parallel hash+maxmin partitioning.
  Batch size limit is not set. Defaulting to    200
  By default, will store active basis functions for each batch.
  If in need of memory, prune_basis_once .false. can be used to disable this option.
  communication_type for Hartree potential was not specified.
  Defaulting to calc_hartree .
  Pulay mixer: Number of initial linear mixing iterations not set.
  Defaulting to    0 iterations.
  Work space size for distributed Hartree potential not set.
  Defaulting to   0.200000E+03 MB.
  Algorithm-dependent basis array size parameters:
  | n_max_pulay                         :       10
  Presetting      1001 iterations before the initial mixing cycle
  is restarted anyway using the sc_init_iter criterion / keyword.
  Presetting a factor      1.000 between actual scf density residual
  and density convergence criterion sc_accuracy_rho below which sc_init_iter
  takes no effect.
  Geometry relaxation not requested: no relaxation will be performed.
  Forces evaluation will include force correction term due to incomplete self-consistency (default).
  Handling of forces: Unphysical translation and rotation will be removed from forces.
  No accuracy limit for integral partition fn. given. Defaulting to  0.1000E-14.
  No threshold value for u(r) in integrations given. Defaulting to  0.1000E-05.
  No accuracy for occupation numbers given. Defaulting to  0.1000E-12.
  No threshold value for occupation numbers given. Defaulting to  0.0000E+00.
  No accuracy for fermi level given. Defaulting to  0.1000E-19.
  Maximum # of iterations to find E_F not set. Defaulting to  200.
  Preferred method for the eigenvalue solver ('KS_method') not specified in 'control.in'.
  Defaulting to serial version LAPACK (via ELSI).
  Will not use alltoall communication since running on < 1024 CPUs.
  Threshold for basis singularities not set.
  Default threshold for basis singularities:  0.1000E-04
  partition_type (choice of integration weights) for integrals was not specified.
  | Using a version of the partition function of Stratmann and coworkers ('stratmann_sparse').
  | At each grid point, the set of atoms used to build the partition table is smoothly restricted to
  | only those atoms whose free-atom density would be non-zero at that grid point.
  Partitioning for Hartree potential was not defined. Using partition_type for integrals.
  | Adjusted default value of keyword multip_moments_threshold to:       0.10000000E-11
  | This value may affect high angular momentum components of the Hartree potential in periodic systems.
  Spin handling was not defined in control.in. Defaulting to unpolarized case.
  periodic_gw_optimize_lvl_init set to .true., using optimized version of periodic LVL triple coefficients initiliazation
  Note: increased memory usage may be expected for many-k points calculation.
  Please try turning off the switch if you should have out-of-memory break at this stage.
  Cholesky algorithm is used to invert dielectric matrix in periodic GW.
  It is faster than the eigen-decomposition approach and usually stable for this task,
  but large error was found in large system with ill-conditioned auxiliary basis.
  We encourage the user to check with using 'periodic_gw_optimize wo_inverse' for such systems.
  No q(lm)/r^(l+1) cutoff set for long-range Hartree potential.
  | Using default value of  0.100000E-09 .
  | Verify using the multipole_threshold keyword.
  Defaulting to new monopole extrapolation.
  Density update method: density matrix based density update selected.
  Charge integration errors on the 3D integration grid will be compensated
  by explicit normalization and distribution of residual charges.
  Use the "compensate_multipole_errors" flag to change this behaviour.
  Set 'collect_eigenvectors' to be '.true.' for all serial calculations. This is mandatory.
  Set 'collect_eigenvectors' to be '.true.' for KS_method lapack_fast and serial.
 
  Consistency checks for the contents of geometry.in are next.
 
 * Warning! You did not set the 'relativistic' flag in input file 'control.in'.
 * FHI-aims will default to 'relativistic atomic_zora scalar'.
 * You must ensure that this is really what you want!!
 * For example, DO NOT compute total-energy differences between results from
 * different settings of the 'relativistic' flag.
  Number of empty states per atom not set in control.in - providing a guess from actual geometry.
  | Total number of empty states used during s.c.f. cycle:        6
  If you use a very high smearing, use empty_states (per atom!) in control.in to increase this value.

  Structure-dependent array size parameters: 
  | Maximum number of distinct radial functions  :        9
  | Maximum number of basis functions            :       24
  | Number of Kohn-Sham states (occupied + empty):       11
------------------------------------------------------------
  After read_input_data [GB]:      2.55

  Performing system and environment tests:
  *** Environment variable OMP_NUM_THREADS is not set
  *** For performance reasons you might want to set it to 1
  | Checking for ScaLAPACK...
  | Testing pdtran()...
  | All pdtran() tests passed.
  After prepare_system [GB]:      2.55

------------------------------------------------------------
          Preparing all fixed parts of the calculation.
------------------------------------------------------------
  Determining machine precision:
    2.225073858507201E-308
  Setting up grids for atomic and cluster calculations.

  Creating wave function, potential, and density for free atoms.
  Runtime choices for atomic solver:
  | atomic solver xc        : PBE
  | compute density gradient: 1
  | compute kinetic density : F

  Species: O

  List of occupied orbitals and eigenvalues:
    n    l              occ      energy [Ha]    energy [eV]
    1    0           2.0000       -18.926989      -515.0296
    2    0           2.0000        -0.880247       -23.9527
    2    1           4.0000        -0.331514        -9.0210


  Species: H

  List of occupied orbitals and eigenvalues:
    n    l              occ      energy [Ha]    energy [eV]
    1    0           1.0000        -0.237593        -6.4652


  Adding cutoff potential to free-atom effective potential.
  Creating fixed part of basis set: Ionic, confined, hydrogenic.
 
  O                    hydrogenic:
 
  List of hydrogenic basis orbitals: 
    n    l      effective z      eigenvalue [eV]  inner max. [A]     outer max. [A]     outer radius [A]   
    2    1         1.800000       -10.9749           1.164242           1.164242           4.578029
    3    2         7.600000       -87.3180           0.624125           0.624125           3.251020
    3    0         6.400000       -61.9207           0.061167           1.081902           4.001998
 
 
  H                    hydrogenic:
 
  List of hydrogenic basis orbitals: 
    n    l      effective z      eigenvalue [eV]  inner max. [A]     outer max. [A]     outer radius [A]   
    2    0         2.100000       -14.9728           0.193243           1.317208           4.583499
    2    1         3.500000       -41.6669           0.602369           0.602369           3.723403
 
  Creating atomic-like basis functions for current effective potential.

  Species O                   :

  List of atomic basis orbitals and eigenvalues:
    n    l      energy [Ha]    energy [eV]    outer radius [A]
    1    0       -18.926989      -515.0296       1.415765
    2    0        -0.880247       -23.9527       4.413171
    2    1        -0.331514        -9.0210       4.522403


  Species H                   :

  List of atomic basis orbitals and eigenvalues:
    n    l      energy [Ha]    energy [eV]    outer radius [A]
    1    0        -0.237593        -6.4652       4.527807

  Assembling full basis from fixed parts.
  | Species O :   atomic orbital   1 s accepted.
  | Species O :    hydro orbital   3 s accepted.
  | Species O :   atomic orbital   2 s accepted.
  | Species O :   atomic orbital   2 p accepted.
  | Species O :    hydro orbital   2 p accepted.
  | Species O :    hydro orbital   3 d accepted.
  | Species H :   atomic orbital   1 s accepted.
  | Species H :    hydro orbital   2 s accepted.
  | Species H :    hydro orbital   2 p accepted.
 
  Basis size parameters after reduction:
  | Total number of radial functions:        9
  | Total number of basis functions :       24
 
  Per-task memory consumption for arrays in subroutine allocate_ext:
  |           2.998708MB.
  Testing on-site integration grid accuracy.
  |  Species  Function  <phi|h_atom|phi> (log., in eV)  <phi|h_atom|phi> (rad., in eV)
           1        1               -515.0295626295               -515.0294562738
           1        2                 15.1698434419                 15.1699322204
           1        3                -21.6038822678                -21.6039118105
           1        4                 -9.0211123393                 -9.0212703513
           1        5                  8.3047696391                  8.2854840999
           1        6                 45.8428042125                 45.8427461222
           2        7                 -6.4664147733                 -6.4652229287
           2        8                 13.7099062243                 13.7158503352
           2        9                 25.2661739479                 25.2663166526

  Preparing densities etc. for the partition functions (integrals / Hartree potential).

  Preparations completed.
  max(cpu_time)          :      0.268 s.
  Wall clock time (cpu1) :      0.090 s.
------------------------------------------------------------
  After prepare_scf [GB]:      2.54

  Initializing index lists of integration centers etc. from given atomic structure:
  | Number of centers in hartree potential         :         3
  | Number of centers in hartree multipole         :         3
  | Number of centers in electron density summation:         3
  | Number of centers in basis integrals           :         3
  | Number of centers in integrals                 :         3
  | Number of centers in hamiltonian               :         3
  After initialize_bc_dependent_lists [GB]:      2.54

  Initializing index lists of integration centers etc. from given atomic structure:
  | Number of centers in hartree potential         :         3
  | Number of centers in hartree multipole         :         3
  | Number of centers in electron density summation:         3
  | Number of centers in basis integrals           :         3
  | Number of centers in integrals                 :         3
  | Number of centers in hamiltonian               :         3

------------------------------------------------------------
          Begin self-consistency loop: Initialization.

          Date     :  20240117, Time     :  161449.035
------------------------------------------------------------
  Available memory per node after initialize_hartree_non_periodic_ewald [GB]:      2.54
  Available memory per node after initialize_recip_hartree_potential [GB]:      2.54
  Available memory per node after initialize_scalapack [GB]:      2.54
  Available memory per node after aims_elsi_init_scf [GB]:      2.54
  Available memory per node after initialize_fixed_grids [GB]:      2.54
  Partitioning the integration grid into batches with parallel hashing+maxmin method.
  | Number of batches:      256
  | Maximal batch size:      70
  | Minimal batch size:      55
  | Average batch size:      62.203
  | Standard deviation of batch sizes:       5.088

  Integration load balanced across     1 MPI tasks.
  Work distribution over tasks is as follows:
  Task     0 has      15924 integration points.
  Available memory per node after partition_grid [GB]:      2.54
  Initializing partition tables, free-atom densities, potentials, etc. across the integration grid (initialize_grid_storage).
  | initialize_grid_storage: Actual outermost partition radius vs. multipole_radius_free
  | (-- VB: in principle, multipole_radius_free should be larger, hence this output)
  | Species        1: Confinement radius =              4.999999999999999 AA, multipole_radius_free =              5.048384829883283 AA.
  | Species        1: outer_partition_radius set to              5.048384829883283 AA .
  | Species        2: Confinement radius =              4.999999999999999 AA, multipole_radius_free =              5.054417573612229 AA.
  | Species        2: outer_partition_radius set to              5.054417573612229 AA .
  | The sparse table of interatomic distances needs          0.09 kbyte instead of         0.07 kbyte of memory.
  | Using the partition_type stratmann_smoother will reduce your memory usage.
  | Net number of integration points:    15924
  | of which are non-zero points    :    14516
  Available memory per node after initialize_grid_storage_p1 [GB]:      2.54
  Renormalizing the initial density to the exact electron count on the 3D integration grid.
  | Initial density: Formal number of electrons (from input files) :      10.0000000000
  | Integrated number of electrons on 3D grid     :       9.9999491308
  | Charge integration error                      :      -0.0000508692
  | Normalization factor for density and gradient :       1.0000050869
  Renormalizing the free-atom superposition density to the exact electron count on the 3D integration grid.
  | Formal number of electrons (from input files) :      10.0000000000
  | Integrated number of electrons on 3D grid     :       9.9999491308
  | Charge integration error                      :      -0.0000508692
  | Normalization factor for density and gradient :       1.0000050869
  Obtaining max. number of non-zero basis functions in each batch (get_n_compute_maxes).
  | Maximal number of non-zero basis functions:       24 in task     0
  Available memory per node after get_n_compute_maxes_p1 [GB]:      2.54
  Allocating        0.002 MB for KS_eigenvector
  Available memory per node after allocate_matrices [GB]:      2.54
  Available memory per node after init_comm_sparse_local_matrix_scalapack [GB]:      2.54
  Integrating Hamiltonian matrix: batch-based integration.
  Time summed over all CPUs for integration: real work        0.034 s, elapsed        0.034 s
  Available memory per node after integrate hamiltonian matrix [GB]:      2.54
  Integrating overlap matrix.
  Time summed over all CPUs for integration: real work        0.010 s, elapsed        0.010 s
  Available memory per node after integrate ovlp matrix [GB]:      2.54
  Available memory per node after ASI_callbacks invoke [GB]:      2.54
  Available memory per node after save_overlap_scalapack [GB]:      2.54
  Available memory per node after advance_KS_solution [GB]:      2.54
  Calculating total energy contributions from superposition of free atom densities.
  Initialize hartree_potential_storage
  Max. number of atoms included in rho_multipole:            3

  End scf initialization - timings             :  max(cpu_time)    wall_clock(cpu1)
  | Time for scf. initialization                :        0.079 s           0.095 s
  | Boundary condition initialization           :        0.000 s           0.000 s
  | Integration                                 :        0.038 s           0.045 s
  | Grid partitioning                           :        0.016 s           0.019 s
  | Preloading free-atom quantities on grid     :        0.014 s           0.016 s
  | Free-atom superposition energy              :        0.009 s           0.010 s

  Partial memory accounting:
  | Current value for overall tracked memory usage:
  |   Minimum:        0.007 MB (on task 0)
  |   Maximum:        0.007 MB (on task 0)
  |   Average:        0.007 MB
  | Peak value for overall tracked memory usage:
  |   Minimum:        0.547 MB (on task 0 after allocating grid_partition)
  |   Maximum:        0.547 MB (on task 0 after allocating grid_partition)
  |   Average:        0.547 MB
  | Largest tracked array allocation so far:
  |   Minimum:        0.364 MB (all_coords on task 0)
  |   Maximum:        0.364 MB (all_coords on task 0)
  |   Average:        0.364 MB
  Note:  These values currently only include a subset of arrays which are explicitly tracked.
  The "true" memory usage will be greater.
------------------------------------------------------------
  Finished reading density matrices from file
  | Time :      0.002 s

  Time for density update prior                :  max(cpu_time)    wall_clock(cpu1)
  | self-consistency iterative process          :        0.165 s           0.168 s
------------------------------------------------------------
Convergence:    q app. |  density  | eigen (eV) | Etot (eV) | forces (eV/A) |       CPU time |     Clock time
  last SCF : -0.15E-12 |  0.91E+01 |  -0.45E+04 | -0.12E+05 |             . |        0.057 s |        0.071 s
  SCF    1 :  0.74E-13 |  0.15E+02 |   0.18E+04 |  0.80E+04 |             . |        0.057 s |        0.057 s
  SCF    2 :  0.51E-13 |  0.76E+01 |   0.16E+04 |  0.23E+04 |             . |        0.059 s |        0.061 s
  SCF    3 :  0.54E-15 |  0.17E+01 |  -0.78E+02 |  0.36E+02 |             . |        0.059 s |        0.060 s
  SCF    4 :  0.45E-13 |  0.75E+00 |   0.85E+02 |  0.49E+01 |             . |        0.060 s |        0.060 s
  SCF    5 :  0.28E-13 |  0.51E+00 |  -0.35E+02 |  0.22E+01 |             . |        0.061 s |        0.062 s
  SCF    6 :  0.48E-13 |  0.17E+00 |  -0.53E+01 |  0.42E+00 |             . |        0.062 s |        0.062 s
  SCF    7 :  0.48E-13 |  0.38E-01 |   0.29E+01 |  0.12E-01 |             . |        0.060 s |        0.062 s
  SCF    8 :  0.61E-13 |  0.12E-01 |   0.66E-01 |  0.44E-03 |             . |        0.060 s |        0.061 s
  SCF    9 :  0.95E-13 |  0.37E-02 |   0.17E+00 |  0.16E-03 |             . |        0.062 s |        0.062 s
  SCF   10 :  0.53E-13 |  0.42E-03 |   0.30E-01 |  0.32E-05 |             . |        0.063 s |        0.064 s
  SCF   11 : -0.12E-13 |  0.82E-04 |  -0.45E-02 | -0.10E-06 |             . |        0.062 s |        0.063 s
  SCF   12 :  0.15E-13 |  0.11E-04 |   0.13E-02 |  0.73E-08 |             . |        0.062 s |        0.062 s
  SCF   13 :  0.84E-13 |  0.33E-05 |  -0.32E-03 | -0.37E-07 |             . |        0.063 s |        0.065 s
  SCF   14 : -0.43E-14 |  0.40E-06 |   0.17E-04 | -0.50E-08 |      0.19E+01 |        0.182 s |        0.192 s
  SCF   15 :  0.65E-13 |  0.64E-07 |  -0.39E-05 | -0.18E-09 |      0.14E-05 |        0.182 s |        0.184 s

  Total energy components:
  | Sum of eigenvalues            :         -41.57758141 Ha       -1131.38355441 eV
  | XC energy correction          :          -9.21723363 Ha        -250.81368841 eV
  | XC potential correction       :          11.85522744 Ha         322.59715215 eV
  | Free-atom electrostatic energy:         -35.84190952 Ha        -975.30798114 eV
  | Hartree energy correction     :          -1.68209627 Ha         -45.77216845 eV
  | Entropy correction            :           0.00000000 Ha           0.00000000 eV
  | ---------------------------
  | Total energy                  :         -76.46359340 Ha       -2080.68024026 eV
  | Total energy, T -> 0          :         -76.46359340 Ha       -2080.68024026 eV  <-- do not rely on this value for anything but (periodic) metals
  | Electronic free energy        :         -76.46359340 Ha       -2080.68024026 eV

  Derived energy quantities:
  | Kinetic energy                :          76.21954750 Ha        2074.03941344 eV
  | Electrostatic energy          :        -143.46590727 Ha       -3903.90596529 eV
  | Energy correction for multipole
  | error in Hartree potential    :          -0.00335432 Ha          -0.09127559 eV
  | Sum of eigenvalues per atom                           :        -377.12785147 eV
  | Total energy (T->0) per atom                          :        -693.56008009 eV  <-- do not rely on this value for anything but (periodic) metals
  | Electronic free energy per atom                       :        -693.56008009 eV
  Highest occupied state (VBM) at     -7.08593718 eV
  | Occupation number:      2.00000000

  Lowest unoccupied state (CBM) at    -0.18943017 eV
  | Occupation number:      0.00000000

  Overall HOMO-LUMO gap:      6.89650701 eV.

  | Chemical Potential                          :    -3.74574283 eV
  | Note that, for insulating systems, the printed 'chemical potential' value is not uniquely defined.
  | It can be anywhere in the energy gap, as long as it correctly separates occupied and unoccupied states.
  | In systems with a gap, the physically relevant chemical potential is the VBM or HOMO.

  Self-consistency cycle converged.

  Removing unitary transformations (pure translations, rotations) from forces on atoms.
  Atomic forces before filtering:
  | Net force on center of mass :   0.141291E-06 -0.612721E-02 -0.210337E-06 eV/A
  | Net torque on center of mass:  -0.887130E-07 -0.366136E-07 -0.521894E-07 eV
  Atomic forces after filtering:
  | Net force on center of mass :  -0.223008E-16  0.000000E+00  0.425353E-22 eV/A
  | Net torque on center of mass:   0.501208E-23  0.000000E+00  0.000000E+00 eV

  Energy and forces in a compact form:
  | Total energy uncorrected      :         -0.208068024025537E+04 eV
  | Total energy corrected        :         -0.208068024025537E+04 eV  <-- do not rely on this value for anything but (periodic) metals
  | Electronic free energy        :         -0.208068024025537E+04 eV
  Total atomic forces (unitary forces cleaned) [eV/Ang]:
  |    1          0.768454733935157E-08         -0.267320716227166E+01          0.212676673085808E-22
  |    2          0.183069562605812E+00          0.133660358497810E+01          0.106338336542904E-22
  |    3         -0.183069570290359E+00          0.133660357729356E+01          0.106338336542904E-22

